[0.476s] Invoking command in '/home/igsp-01/ros2_wSSSSSSSSSSs/src/idk_pkg': PYTHONPATH=/home/igsp-01/ros2_wSSSSSSSSSSs/build/idk_pkg/prefix_override:/usr/lib/python3/dist-packages/colcon_core/task/python/colcon_distutils_commands:/home/igsp-01/ros2_wSSSSSSSSSSs/install/idk_pkg/lib/python3.12/site-packages:${PYTHONPATH} /usr/bin/python3 -W ignore:setup.py install is deprecated -W ignore:easy_install command is deprecated setup.py egg_info --egg-base ../../build/idk_pkg build --build-base /home/igsp-01/ros2_wSSSSSSSSSSs/build/idk_pkg/build install --record /home/igsp-01/ros2_wSSSSSSSSSSs/build/idk_pkg/install.log --single-version-externally-managed install_data
[0.603s] running egg_info
[0.603s] creating ../../build/idk_pkg/idk_pkg.egg-info
[0.612s] writing ../../build/idk_pkg/idk_pkg.egg-info/PKG-INFO
[0.612s] writing dependency_links to ../../build/idk_pkg/idk_pkg.egg-info/dependency_links.txt
[0.612s] writing entry points to ../../build/idk_pkg/idk_pkg.egg-info/entry_points.txt
[0.612s] writing requirements to ../../build/idk_pkg/idk_pkg.egg-info/requires.txt
[0.612s] writing top-level names to ../../build/idk_pkg/idk_pkg.egg-info/top_level.txt
[0.612s] writing manifest file '../../build/idk_pkg/idk_pkg.egg-info/SOURCES.txt'
[0.629s] reading manifest file '../../build/idk_pkg/idk_pkg.egg-info/SOURCES.txt'
[0.629s] writing manifest file '../../build/idk_pkg/idk_pkg.egg-info/SOURCES.txt'
[0.629s] running build
[0.630s] running build_py
[0.630s] creating /home/igsp-01/ros2_wSSSSSSSSSSs/build/idk_pkg/build
[0.630s] creating /home/igsp-01/ros2_wSSSSSSSSSSs/build/idk_pkg/build/lib
[0.630s] creating /home/igsp-01/ros2_wSSSSSSSSSSs/build/idk_pkg/build/lib/idk_pkg
[0.630s] copying idk_pkg/__init__.py -> /home/igsp-01/ros2_wSSSSSSSSSSs/build/idk_pkg/build/lib/idk_pkg
[0.630s] running install
[0.633s] running install_lib
[0.641s] creating /home/igsp-01/ros2_wSSSSSSSSSSs/install/idk_pkg/lib/python3.12/site-packages/idk_pkg
[0.641s] copying /home/igsp-01/ros2_wSSSSSSSSSSs/build/idk_pkg/build/lib/idk_pkg/__init__.py -> /home/igsp-01/ros2_wSSSSSSSSSSs/install/idk_pkg/lib/python3.12/site-packages/idk_pkg
[0.641s] byte-compiling /home/igsp-01/ros2_wSSSSSSSSSSs/install/idk_pkg/lib/python3.12/site-packages/idk_pkg/__init__.py to __init__.cpython-312.pyc
[0.642s] running install_data
[0.642s] creating /home/igsp-01/ros2_wSSSSSSSSSSs/install/idk_pkg/share/ament_index
[0.642s] creating /home/igsp-01/ros2_wSSSSSSSSSSs/install/idk_pkg/share/ament_index/resource_index
[0.642s] creating /home/igsp-01/ros2_wSSSSSSSSSSs/install/idk_pkg/share/ament_index/resource_index/packages
[0.642s] copying resource/idk_pkg -> /home/igsp-01/ros2_wSSSSSSSSSSs/install/idk_pkg/share/ament_index/resource_index/packages
[0.642s] copying package.xml -> /home/igsp-01/ros2_wSSSSSSSSSSs/install/idk_pkg/share/idk_pkg
[0.642s] running install_egg_info
[0.651s] Copying ../../build/idk_pkg/idk_pkg.egg-info to /home/igsp-01/ros2_wSSSSSSSSSSs/install/idk_pkg/lib/python3.12/site-packages/idk_pkg-0.0.0-py3.12.egg-info
[0.651s] running install_scripts
[0.713s] Installing first_node script to /home/igsp-01/ros2_wSSSSSSSSSSs/install/idk_pkg/lib/idk_pkg
[0.713s] writing list of installed files to '/home/igsp-01/ros2_wSSSSSSSSSSs/build/idk_pkg/install.log'
[0.730s] Invoked command in '/home/igsp-01/ros2_wSSSSSSSSSSs/src/idk_pkg' returned '0': PYTHONPATH=/home/igsp-01/ros2_wSSSSSSSSSSs/build/idk_pkg/prefix_override:/usr/lib/python3/dist-packages/colcon_core/task/python/colcon_distutils_commands:/home/igsp-01/ros2_wSSSSSSSSSSs/install/idk_pkg/lib/python3.12/site-packages:${PYTHONPATH} /usr/bin/python3 -W ignore:setup.py install is deprecated -W ignore:easy_install command is deprecated setup.py egg_info --egg-base ../../build/idk_pkg build --build-base /home/igsp-01/ros2_wSSSSSSSSSSs/build/idk_pkg/build install --record /home/igsp-01/ros2_wSSSSSSSSSSs/build/idk_pkg/install.log --single-version-externally-managed install_data
