[0.397s] Invoking command in '/home/igsp-01/ros2_wSSSSSSSSSSs/src/idk_pkg': PYTHONPATH=/home/igsp-01/ros2_wSSSSSSSSSSs/build/idk_pkg/prefix_override:/usr/lib/python3/dist-packages/colcon_core/task/python/colcon_distutils_commands:/home/igsp-01/ros2_wSSSSSSSSSSs/install/idk_pkg/lib/python3.12/site-packages:${PYTHONPATH} /usr/bin/python3 -W ignore:setup.py install is deprecated -W ignore:easy_install command is deprecated setup.py egg_info --egg-base ../../build/idk_pkg build --build-base /home/igsp-01/ros2_wSSSSSSSSSSs/build/idk_pkg/build install --record /home/igsp-01/ros2_wSSSSSSSSSSs/build/idk_pkg/install.log --single-version-externally-managed install_data
[0.525s] running egg_info
[0.533s] writing ../../build/idk_pkg/idk_pkg.egg-info/PKG-INFO
[0.533s] writing dependency_links to ../../build/idk_pkg/idk_pkg.egg-info/dependency_links.txt
[0.533s] writing entry points to ../../build/idk_pkg/idk_pkg.egg-info/entry_points.txt
[0.533s] writing requirements to ../../build/idk_pkg/idk_pkg.egg-info/requires.txt
[0.533s] writing top-level names to ../../build/idk_pkg/idk_pkg.egg-info/top_level.txt
[0.549s] reading manifest file '../../build/idk_pkg/idk_pkg.egg-info/SOURCES.txt'
[0.550s] writing manifest file '../../build/idk_pkg/idk_pkg.egg-info/SOURCES.txt'
[0.550s] running build
[0.550s] running build_py
[0.550s] running install
[0.553s] running install_lib
[0.562s] running install_data
[0.562s] running install_egg_info
[0.570s] removing '/home/igsp-01/ros2_wSSSSSSSSSSs/install/idk_pkg/lib/python3.12/site-packages/idk_pkg-0.0.0-py3.12.egg-info' (and everything under it)
[0.571s] Copying ../../build/idk_pkg/idk_pkg.egg-info to /home/igsp-01/ros2_wSSSSSSSSSSs/install/idk_pkg/lib/python3.12/site-packages/idk_pkg-0.0.0-py3.12.egg-info
[0.571s] running install_scripts
[0.634s] Installing first_node script to /home/igsp-01/ros2_wSSSSSSSSSSs/install/idk_pkg/lib/idk_pkg
[0.634s] writing list of installed files to '/home/igsp-01/ros2_wSSSSSSSSSSs/build/idk_pkg/install.log'
[0.649s] Invoked command in '/home/igsp-01/ros2_wSSSSSSSSSSs/src/idk_pkg' returned '0': PYTHONPATH=/home/igsp-01/ros2_wSSSSSSSSSSs/build/idk_pkg/prefix_override:/usr/lib/python3/dist-packages/colcon_core/task/python/colcon_distutils_commands:/home/igsp-01/ros2_wSSSSSSSSSSs/install/idk_pkg/lib/python3.12/site-packages:${PYTHONPATH} /usr/bin/python3 -W ignore:setup.py install is deprecated -W ignore:easy_install command is deprecated setup.py egg_info --egg-base ../../build/idk_pkg build --build-base /home/igsp-01/ros2_wSSSSSSSSSSs/build/idk_pkg/build install --record /home/igsp-01/ros2_wSSSSSSSSSSs/build/idk_pkg/install.log --single-version-externally-managed install_data
