[0.471s] Invoking command in '/home/igsp-01/ros2_wSSSSSSSSSSs/src/idk_pkg': PYTHONPATH=/home/igsp-01/ros2_wSSSSSSSSSSs/build/idk_pkg/prefix_override:/usr/lib/python3/dist-packages/colcon_core/task/python/colcon_distutils_commands:/home/igsp-01/ros2_wSSSSSSSSSSs/install/idk_pkg/lib/python3.12/site-packages:${PYTHONPATH} /usr/bin/python3 -W ignore:setup.py install is deprecated -W ignore:easy_install command is deprecated setup.py egg_info --egg-base ../../build/idk_pkg build --build-base /home/igsp-01/ros2_wSSSSSSSSSSs/build/idk_pkg/build install --record /home/igsp-01/ros2_wSSSSSSSSSSs/build/idk_pkg/install.log --single-version-externally-managed install_data
[0.595s] running egg_info
[0.603s] writing ../../build/idk_pkg/idk_pkg.egg-info/PKG-INFO
[0.603s] writing dependency_links to ../../build/idk_pkg/idk_pkg.egg-info/dependency_links.txt
[0.603s] writing entry points to ../../build/idk_pkg/idk_pkg.egg-info/entry_points.txt
[0.603s] writing requirements to ../../build/idk_pkg/idk_pkg.egg-info/requires.txt
[0.603s] writing top-level names to ../../build/idk_pkg/idk_pkg.egg-info/top_level.txt
[0.620s] reading manifest file '../../build/idk_pkg/idk_pkg.egg-info/SOURCES.txt'
[0.659s] writing manifest file '../../build/idk_pkg/idk_pkg.egg-info/SOURCES.txt'
[0.659s] running build
[0.659s] running build_py
[0.659s] copying idk_pkg/scripts/time_printer.py -> /home/igsp-01/ros2_wSSSSSSSSSSs/build/idk_pkg/build/lib/idk_pkg/scripts
[0.659s] running install
[0.664s] running install_lib
[0.674s] copying /home/igsp-01/ros2_wSSSSSSSSSSs/build/idk_pkg/build/lib/idk_pkg/scripts/time_printer.py -> /home/igsp-01/ros2_wSSSSSSSSSSs/install/idk_pkg/lib/python3.12/site-packages/idk_pkg/scripts
[0.674s] byte-compiling /home/igsp-01/ros2_wSSSSSSSSSSs/install/idk_pkg/lib/python3.12/site-packages/idk_pkg/scripts/time_printer.py to time_printer.cpython-312.pyc
[0.674s] Sorry: IndentationError: unindent does not match any outer indentation level (time_printer.py, line 10)
[0.674s] running install_data
[0.675s] running install_egg_info
[0.683s] removing '/home/igsp-01/ros2_wSSSSSSSSSSs/install/idk_pkg/lib/python3.12/site-packages/idk_pkg-0.0.0-py3.12.egg-info' (and everything under it)
[0.683s] Copying ../../build/idk_pkg/idk_pkg.egg-info to /home/igsp-01/ros2_wSSSSSSSSSSs/install/idk_pkg/lib/python3.12/site-packages/idk_pkg-0.0.0-py3.12.egg-info
[0.684s] running install_scripts
[0.745s] Installing first_node script to /home/igsp-01/ros2_wSSSSSSSSSSs/install/idk_pkg/lib/idk_pkg
[0.745s] writing list of installed files to '/home/igsp-01/ros2_wSSSSSSSSSSs/build/idk_pkg/install.log'
[0.760s] Invoked command in '/home/igsp-01/ros2_wSSSSSSSSSSs/src/idk_pkg' returned '0': PYTHONPATH=/home/igsp-01/ros2_wSSSSSSSSSSs/build/idk_pkg/prefix_override:/usr/lib/python3/dist-packages/colcon_core/task/python/colcon_distutils_commands:/home/igsp-01/ros2_wSSSSSSSSSSs/install/idk_pkg/lib/python3.12/site-packages:${PYTHONPATH} /usr/bin/python3 -W ignore:setup.py install is deprecated -W ignore:easy_install command is deprecated setup.py egg_info --egg-base ../../build/idk_pkg build --build-base /home/igsp-01/ros2_wSSSSSSSSSSs/build/idk_pkg/build install --record /home/igsp-01/ros2_wSSSSSSSSSSs/build/idk_pkg/install.log --single-version-externally-managed install_data
