running egg_info
writing ../../build/idk_pkg/idk_pkg.egg-info/PKG-INFO
writing dependency_links to ../../build/idk_pkg/idk_pkg.egg-info/dependency_links.txt
writing entry points to ../../build/idk_pkg/idk_pkg.egg-info/entry_points.txt
writing requirements to ../../build/idk_pkg/idk_pkg.egg-info/requires.txt
writing top-level names to ../../build/idk_pkg/idk_pkg.egg-info/top_level.txt
reading manifest file '../../build/idk_pkg/idk_pkg.egg-info/SOURCES.txt'
writing manifest file '../../build/idk_pkg/idk_pkg.egg-info/SOURCES.txt'
running build
running build_py
copying idk_pkg/scripts/time_printer.py -> /home/igsp-01/ros2_wSSSSSSSSSSs/build/idk_pkg/build/lib/idk_pkg/scripts
running install
running install_lib
copying /home/igsp-01/ros2_wSSSSSSSSSSs/build/idk_pkg/build/lib/idk_pkg/scripts/time_printer.py -> /home/igsp-01/ros2_wSSSSSSSSSSs/install/idk_pkg/lib/python3.12/site-packages/idk_pkg/scripts
byte-compiling /home/igsp-01/ros2_wSSSSSSSSSSs/install/idk_pkg/lib/python3.12/site-packages/idk_pkg/scripts/time_printer.py to time_printer.cpython-312.pyc
running install_data
running install_egg_info
removing '/home/igsp-01/ros2_wSSSSSSSSSSs/install/idk_pkg/lib/python3.12/site-packages/idk_pkg-0.0.0-py3.12.egg-info' (and everything under it)
Copying ../../build/idk_pkg/idk_pkg.egg-info to /home/igsp-01/ros2_wSSSSSSSSSSs/install/idk_pkg/lib/python3.12/site-packages/idk_pkg-0.0.0-py3.12.egg-info
running install_scripts
Installing first_node script to /home/igsp-01/ros2_wSSSSSSSSSSs/install/idk_pkg/lib/idk_pkg
writing list of installed files to '/home/igsp-01/ros2_wSSSSSSSSSSs/build/idk_pkg/install.log'
